Fitter Status : Successful - Sun Sep 29 10:48:05 2024
Quartus Prime Version : 23.1std.1 Build 993 05/14/2024 SC Standard Edition
Revision Name : hack_the_hill
Top-level Entity Name : hack_the_hill
Family : Arria V GZ
Device : 5AGZME3H2F35C3
Timing Models : Final
Logic utilization (in ALMs) : 2,403 / 135,840 ( 2 % )
Total registers : 5031
Total pins : 92 / 526 ( 17 % )
Total virtual pins : 4
Total block memory bits : 679,936 / 19,599,360 ( 3 % )
Total RAM Blocks : 42 / 957 ( 4 % )
Total DSP Blocks : 0 / 1,044 ( 0 % )
Total HSSI STD RX PCSs : 0 / 24 ( 0 % )
Total HSSI 10G RX PCSs : 0 / 24 ( 0 % )
Total HSSI GEN3 RX PCSs : 0 / 24 ( 0 % )
Total HSSI PMA RX Deserializers : 0 / 24 ( 0 % )
Total HSSI STD TX PCSs : 0 / 24 ( 0 % )
Total HSSI 10G TX PCSs : 1 / 24 ( 4 % )
Total HSSI GEN3 TX PCSs : 0 / 24 ( 0 % )
Total HSSI PMA TX Serializers : 1 / 24 ( 4 % )
Total HSSI PIPE GEN1_2s : 0 / 24 ( 0 % )
Total HSSI GEN3s : 0 / 24 ( 0 % )
Total PLLs : 2 / 52 ( 4 % )
Total DLLs : 0 / 4 ( 0 % )
